// Jest Snapshot v1, https://goo.gl/fbAQLP

exports[`ExtensionCard renders 1`] = `
<div
  className="extension-card card position-relative flex-1"
>
  <div
    className="card-body p-0 extension-card__body d-flex flex-column position-relative"
  >
    <div
      className="extension-card__background-section d-flex align-items-center blue"
    >
      <img
        alt=""
        className="extension-card__icon"
        src="data:image/png,abcd"
      />
    </div>
    <div
      className="w-100 mx-2 my-1 flex-grow-1"
    >
      <div
        className="mb-2"
      >
        <h3
          className="mb-0 mr-1 text-truncate flex-1"
        >
          <a
            className="font-weight-bold"
            href="/extensions/x/y"
            onClick={[Function]}
          >
            y
          </a>
        </h3>
        <span
          className="text-muted"
        >
          by 
          x
        </span>
      </div>
      <div
        className="mt-3 mb-2 extension-card__description mr-3"
      >
        <span
          className=""
        >
          d
        </span>
      </div>
    </div>
    <div
      className="extension-card__toggles-section d-flex flex-column align-items-end py-2 mt-1"
    >
      <div
        className="px-1"
      >
        <span
          className="text-muted small"
        >
          Disabled
        </span>
      </div>
      <div
        className="px-1 mt-2"
      >
        <span
          className="text-muted"
        >
          Not enabled
           for all users
        </span>
        <button
          aria-checked={false}
          className="toggle mx-2"
          data-test="extension-toggle-x/y"
          disabled={false}
          onClick={[Function]}
          role="switch"
          title="Click to enable"
          type="button"
          value={0}
        >
          <span
            className="toggle__bar"
          />
          <span
            className="toggle__knob"
          />
        </button>
      </div>
    </div>
  </div>
</div>
`;
