[
  {
    "name": "john",
    "emailAddress": "john@mycorp.org",
    "id": 52,
    "displayName": "John Doe",
    "active": true,
    "slug": "john",
    "type": "NORMAL"
  }
]