// Jest Snapshot v1, https://goo.gl/fbAQLP

exports[`AddChangesetForm renders the form 1`] = `
<form
  className=" "
  onInvalid={[Function]}
  onSubmit={[Function]}
>
  <div
    className="d-flex"
  >
    <div
      className="form-group mr-3 mb-0"
    >
      <label
        htmlFor="changeset-repo"
      >
        <h3>
          Repository name
        </h3>
      </label>
      <input
        className="form-control mr-1"
        name="changeset-repo"
        onChange={[Function]}
        placeholder="Repository name"
        required={true}
        size={35}
        type="text"
        value=""
      />
      <p
        className="form-text text-muted"
      >
        Name of the repository in Sourcegraph 
        http:
        //
        localhost
        /$REPOSITORY_NAME
      </p>
    </div>
    <div
      className="form-group mr-3 mb-0"
    >
      <label
        htmlFor="changeset-number"
      >
        <h3>
          Changeset number
        </h3>
      </label>
      <input
        className="form-control mr-1"
        min={1}
        name="changeset-number"
        onChange={[Function]}
        placeholder="Changeset number"
        required={true}
        size={16}
        step={1}
        type="number"
        value=""
      />
    </div>
  </div>
  <button
    className="btn btn-primary mr-1"
    type="submit"
  >
    Add changeset
  </button>
</form>
`;
