// Jest Snapshot v1, https://goo.gl/fbAQLP

exports[`CampaignUpdateDiff renders 1`] = `
<CampaignUpdateDiff
  campaign={
    Object {
      "changesets": Object {
        "totalCount": 1,
      },
      "id": "somecampaign",
      "viewerCanAdminister": true,
    }
  }
  isLightTheme={true}
>
  <div>
    <h3
      className="mt-4 mb-2"
    >
      Preview of changes
    </h3>
    <div
      className="alert alert-info mt-2"
    >
      <Memo(AlertCircleIcon)
        className="icon-inline"
      >
        <svg
          className="mdi-icon icon-inline"
          fill="currentColor"
          height={24}
          viewBox="0 0 24 24"
          width={24}
        >
          <path
            d="M13,13H11V7H13M13,17H11V15H13M12,2A10,10 0 0,0 2,12A10,10 0 0,0 12,22A10,10 0 0,0 22,12A10,10 0 0,0 12,2Z"
          />
        </svg>
      </Memo(AlertCircleIcon)>
       You are updating an existing campaign. By clicking 'Update', all above changesets that are not 'unmodified' will be updated on the codehost.
    </div>
  </div>
</CampaignUpdateDiff>
`;
