// Jest Snapshot v1, https://goo.gl/fbAQLP

exports[`CreateCampaign renders 1`] = `
<div>
  <h1>
    Create a new campaign
  </h1>
  <ul
    className="list-group"
  >
    <li
      className="list-group-item p-3"
    >
      <a
        className="text-decoration-none"
        href="new"
      >
        <div
          className="d-flex"
        >
          <h3>
            <svg
              className="mdi-icon mr-3"
              fill="currentColor"
              height={24}
              viewBox="0 0 24 24"
              width={24}
            >
              <path
                d="M19 10V19H5V5H14V3H5C3.92 3 3 3.9 3 5V19C3 20.1 3.92 21 5 21H19C20.12 21 21 20.1 21 19V10H19M17 10L17.94 7.94L20 7L17.94 6.06L17 4L16.06 6.06L14 7L16.06 7.94L17 10M13.25 10.75L12 8L10.75 10.75L8 12L10.75 13.25L12 16L13.25 13.25L16 12L13.25 10.75Z"
              />
            </svg>
          </h3>
          <div>
            <h3>
              Create a new empty campaign
            </h3>
            <p
              className="mb-0"
            >
              Track existing changesets with Sourcegraph by manually adding them to a campaign. All added changesets can be managed and monitored, while a burndown chart will give you an overview on the progress.
            </p>
          </div>
        </div>
      </a>
    </li>
    <li
      className="list-group-item p-3"
    >
      <a
        className="text-decoration-none"
        href="cli"
      >
        <div
          className="d-flex"
        >
          <h3>
            <svg
              className="mdi-icon mr-3"
              fill="currentColor"
              height={24}
              viewBox="0 0 24 24"
              width={24}
            >
              <path
                d="M19 10V19H5V5H14V3H5C3.92 3 3 3.9 3 5V19C3 20.1 3.92 21 5 21H19C20.12 21 21 20.1 21 19V10H19M17 10L17.94 7.94L20 7L17.94 6.06L17 4L16.06 6.06L14 7L16.06 7.94L17 10M13.25 10.75L12 8L10.75 10.75L8 12L10.75 13.25L12 16L13.25 13.25L16 12L13.25 10.75Z"
              />
            </svg>
          </h3>
          <div>
            <h3>
              Create a campaign using the src CLI
            </h3>
            <p
              className="mb-0"
            >
              When a Campaign is created from a set of patches, one per repository, Sourcegraph will create changesets (pull requests) on the associated code hosts and track their progress in the newly created campaign, where you can manage them.
              <br />
              With the src CLI tool, you can not only create the campaign from an existing set of patches, but you can also generate the patches for a number of repositories.
            </p>
          </div>
        </div>
      </a>
    </li>
  </ul>
</div>
`;
