// Jest Snapshot v1, https://goo.gl/fbAQLP

exports[`CloseDeleteCampaignPrompt renders 1`] = `
<React.Fragment>
  <details
    className="campaign-prompt__details"
  >
    <summary>
      <span
        className="btn btn-secondary dropdown-toggle"
      >
        Close
      </span>
    </summary>
    <div
      className="c"
    >
      <div
        className="card mt-1"
      >
        <div
          className="card-body"
        >
          <p>
            message
          </p>
          <div
            className="form-group"
          >
            <input
              checked={true}
              id="checkbox-campaign-prompt-Delete"
              onChange={[Function]}
              type="checkbox"
            />
             
            <label
              htmlFor="checkbox-campaign-prompt-Delete"
            >
              Close all 
              2
               
              changesets
               on code hosts
            </label>
          </div>
          <button
            className="btn mr-1 btn-danger"
            disabled={false}
            onClick={[Function]}
            type="button"
          >
            Delete
          </button>
        </div>
      </div>
    </div>
  </details>
</React.Fragment>
`;
