// Jest Snapshot v1, https://goo.gl/fbAQLP

exports[`CampaignListPage renders for non-siteadmin and totalCount: 0 1`] = `
<Fragment>
  <PageHeader
    actions={
      <AnchorLink
        className="btn btn-primary"
        to="//create"
      >
        <Memo(PlusIcon)
          className="icon-inline"
        />
         New campaign
      </AnchorLink>
    }
    className="justify-content-end test-campaign-list-page"
    icon={[Function]}
    title="Campaigns"
  />
  <p
    className="text-muted"
  >
    Run custom code over hundreds of repositories and manage the resulting changesets
  </p>
  <div
    className="row"
  >
    <div
      className="col-12 col-md-6 mb-2"
    >
      <div
        className="campaign-list-page__intro-card card p-2 h-100"
      >
        <div
          className="card-body d-flex align-items-start"
        >
          <SourcegraphIcon
            className="mr-3 col-2 mt-2"
          />
          <div>
            <h4>
              Campaigns trial
            </h4>
            <p
              className="text-muted mb-0"
            >
              Campaigns will be a paid feature in a future release. In the meantime, we invite you to trial the ability to make large scale changes across many repositories and code hosts. If you’d like to discuss use cases and features,
               
              <a
                href="https://about.sourcegraph.com/contact/sales/"
              >
                please get in touch
              </a>
              !
            </p>
          </div>
        </div>
      </div>
    </div>
    <div
      className="col-12 col-md-6 mb-2"
    >
      <div
        className="campaign-list-page__intro-card card h-100 p-2"
      >
        <div
          className="card-body"
        >
          <h4>
            New campaigns features in version 3.22
          </h4>
          <ul
            className="text-muted mb-0 pl-3"
          >
            <li>
              All users can now create campaigns
            </li>
            <li>
              Publishing a changeset requires a code host token from the user applying the campaign
            </li>
            <li>
              Template variables such as 
              <code>
                search_result_paths
              </code>
               and
               
              <code>
                modified_files
              </code>
               are now available in campaign specifications
            </li>
            <li>
              Rate limit improvements
            </li>
          </ul>
        </div>
      </div>
    </div>
  </div>
  <FilteredConnection
    className="mb-3"
    cursorPaging={true}
    defaultFirst={15}
    filters={
      Array [
        Object {
          "args": Object {
            "state": "OPEN",
          },
          "id": "open",
          "label": "Open",
          "tooltip": "Show only campaigns that are open",
        },
        Object {
          "args": Object {
            "state": "CLOSED",
          },
          "id": "closed",
          "label": "Closed",
          "tooltip": "Show only campaigns that are closed",
        },
        Object {
          "args": Object {},
          "id": "all",
          "label": "All",
          "tooltip": "Show all campaigns",
        },
      ]
    }
    hideSearch={true}
    history="[History]"
    listClassName="campaign-list-page__grid mb-3"
    listComponent="div"
    location="[Location path=/]"
    noSummaryIfAllNodesVisible={true}
    nodeComponent={[Function]}
    nodeComponentProps={
      Object {
        "displayNamespace": true,
        "history": "[History]",
      }
    }
    noun="campaign"
    pluralNoun="campaigns"
    queryConnection={[Function]}
    telemetryService={
      Object {
        "log": [Function],
        "logViewEvent": [Function],
      }
    }
    useURLQuery={true}
  />
</Fragment>
`;

exports[`CampaignListPage renders for non-siteadmin and totalCount: 1 1`] = `
<Fragment>
  <PageHeader
    actions={
      <AnchorLink
        className="btn btn-primary"
        to="//create"
      >
        <Memo(PlusIcon)
          className="icon-inline"
        />
         New campaign
      </AnchorLink>
    }
    className="justify-content-end test-campaign-list-page"
    icon={[Function]}
    title="Campaigns"
  />
  <p
    className="text-muted"
  >
    Run custom code over hundreds of repositories and manage the resulting changesets
  </p>
  <div
    className="row"
  >
    <div
      className="col-12 col-md-6 mb-2"
    >
      <div
        className="campaign-list-page__intro-card card p-2 h-100"
      >
        <div
          className="card-body d-flex align-items-start"
        >
          <SourcegraphIcon
            className="mr-3 col-2 mt-2"
          />
          <div>
            <h4>
              Campaigns trial
            </h4>
            <p
              className="text-muted mb-0"
            >
              Campaigns will be a paid feature in a future release. In the meantime, we invite you to trial the ability to make large scale changes across many repositories and code hosts. If you’d like to discuss use cases and features,
               
              <a
                href="https://about.sourcegraph.com/contact/sales/"
              >
                please get in touch
              </a>
              !
            </p>
          </div>
        </div>
      </div>
    </div>
    <div
      className="col-12 col-md-6 mb-2"
    >
      <div
        className="campaign-list-page__intro-card card h-100 p-2"
      >
        <div
          className="card-body"
        >
          <h4>
            New campaigns features in version 3.22
          </h4>
          <ul
            className="text-muted mb-0 pl-3"
          >
            <li>
              All users can now create campaigns
            </li>
            <li>
              Publishing a changeset requires a code host token from the user applying the campaign
            </li>
            <li>
              Template variables such as 
              <code>
                search_result_paths
              </code>
               and
               
              <code>
                modified_files
              </code>
               are now available in campaign specifications
            </li>
            <li>
              Rate limit improvements
            </li>
          </ul>
        </div>
      </div>
    </div>
  </div>
  <FilteredConnection
    className="mb-3"
    cursorPaging={true}
    defaultFirst={15}
    filters={
      Array [
        Object {
          "args": Object {
            "state": "OPEN",
          },
          "id": "open",
          "label": "Open",
          "tooltip": "Show only campaigns that are open",
        },
        Object {
          "args": Object {
            "state": "CLOSED",
          },
          "id": "closed",
          "label": "Closed",
          "tooltip": "Show only campaigns that are closed",
        },
        Object {
          "args": Object {},
          "id": "all",
          "label": "All",
          "tooltip": "Show all campaigns",
        },
      ]
    }
    hideSearch={true}
    history="[History]"
    listClassName="campaign-list-page__grid mb-3"
    listComponent="div"
    location="[Location path=/]"
    noSummaryIfAllNodesVisible={true}
    nodeComponent={[Function]}
    nodeComponentProps={
      Object {
        "displayNamespace": true,
        "history": "[History]",
      }
    }
    noun="campaign"
    pluralNoun="campaigns"
    queryConnection={[Function]}
    telemetryService={
      Object {
        "log": [Function],
        "logViewEvent": [Function],
      }
    }
    useURLQuery={true}
  />
</Fragment>
`;

exports[`CampaignListPage renders for siteadmin and totalCount: 0 1`] = `
<Fragment>
  <PageHeader
    actions={
      <AnchorLink
        className="btn btn-primary"
        to="//create"
      >
        <Memo(PlusIcon)
          className="icon-inline"
        />
         New campaign
      </AnchorLink>
    }
    className="justify-content-end test-campaign-list-page"
    icon={[Function]}
    title="Campaigns"
  />
  <p
    className="text-muted"
  >
    Run custom code over hundreds of repositories and manage the resulting changesets
  </p>
  <div
    className="row"
  >
    <div
      className="col-12 col-md-6 mb-2"
    >
      <div
        className="campaign-list-page__intro-card card p-2 h-100"
      >
        <div
          className="card-body d-flex align-items-start"
        >
          <SourcegraphIcon
            className="mr-3 col-2 mt-2"
          />
          <div>
            <h4>
              Campaigns trial
            </h4>
            <p
              className="text-muted mb-0"
            >
              Campaigns will be a paid feature in a future release. In the meantime, we invite you to trial the ability to make large scale changes across many repositories and code hosts. If you’d like to discuss use cases and features,
               
              <a
                href="https://about.sourcegraph.com/contact/sales/"
              >
                please get in touch
              </a>
              !
            </p>
          </div>
        </div>
      </div>
    </div>
    <div
      className="col-12 col-md-6 mb-2"
    >
      <div
        className="campaign-list-page__intro-card card h-100 p-2"
      >
        <div
          className="card-body"
        >
          <h4>
            New campaigns features in version 3.22
          </h4>
          <ul
            className="text-muted mb-0 pl-3"
          >
            <li>
              All users can now create campaigns
            </li>
            <li>
              Publishing a changeset requires a code host token from the user applying the campaign
            </li>
            <li>
              Template variables such as 
              <code>
                search_result_paths
              </code>
               and
               
              <code>
                modified_files
              </code>
               are now available in campaign specifications
            </li>
            <li>
              Rate limit improvements
            </li>
          </ul>
        </div>
      </div>
    </div>
  </div>
  <FilteredConnection
    className="mb-3"
    cursorPaging={true}
    defaultFirst={15}
    filters={
      Array [
        Object {
          "args": Object {
            "state": "OPEN",
          },
          "id": "open",
          "label": "Open",
          "tooltip": "Show only campaigns that are open",
        },
        Object {
          "args": Object {
            "state": "CLOSED",
          },
          "id": "closed",
          "label": "Closed",
          "tooltip": "Show only campaigns that are closed",
        },
        Object {
          "args": Object {},
          "id": "all",
          "label": "All",
          "tooltip": "Show all campaigns",
        },
      ]
    }
    hideSearch={true}
    history="[History]"
    listClassName="campaign-list-page__grid mb-3"
    listComponent="div"
    location="[Location path=/]"
    noSummaryIfAllNodesVisible={true}
    nodeComponent={[Function]}
    nodeComponentProps={
      Object {
        "displayNamespace": true,
        "history": "[History]",
      }
    }
    noun="campaign"
    pluralNoun="campaigns"
    queryConnection={[Function]}
    telemetryService={
      Object {
        "log": [Function],
        "logViewEvent": [Function],
      }
    }
    useURLQuery={true}
  />
</Fragment>
`;

exports[`CampaignListPage renders for siteadmin and totalCount: 1 1`] = `
<Fragment>
  <PageHeader
    actions={
      <AnchorLink
        className="btn btn-primary"
        to="//create"
      >
        <Memo(PlusIcon)
          className="icon-inline"
        />
         New campaign
      </AnchorLink>
    }
    className="justify-content-end test-campaign-list-page"
    icon={[Function]}
    title="Campaigns"
  />
  <p
    className="text-muted"
  >
    Run custom code over hundreds of repositories and manage the resulting changesets
  </p>
  <div
    className="row"
  >
    <div
      className="col-12 col-md-6 mb-2"
    >
      <div
        className="campaign-list-page__intro-card card p-2 h-100"
      >
        <div
          className="card-body d-flex align-items-start"
        >
          <SourcegraphIcon
            className="mr-3 col-2 mt-2"
          />
          <div>
            <h4>
              Campaigns trial
            </h4>
            <p
              className="text-muted mb-0"
            >
              Campaigns will be a paid feature in a future release. In the meantime, we invite you to trial the ability to make large scale changes across many repositories and code hosts. If you’d like to discuss use cases and features,
               
              <a
                href="https://about.sourcegraph.com/contact/sales/"
              >
                please get in touch
              </a>
              !
            </p>
          </div>
        </div>
      </div>
    </div>
    <div
      className="col-12 col-md-6 mb-2"
    >
      <div
        className="campaign-list-page__intro-card card h-100 p-2"
      >
        <div
          className="card-body"
        >
          <h4>
            New campaigns features in version 3.22
          </h4>
          <ul
            className="text-muted mb-0 pl-3"
          >
            <li>
              All users can now create campaigns
            </li>
            <li>
              Publishing a changeset requires a code host token from the user applying the campaign
            </li>
            <li>
              Template variables such as 
              <code>
                search_result_paths
              </code>
               and
               
              <code>
                modified_files
              </code>
               are now available in campaign specifications
            </li>
            <li>
              Rate limit improvements
            </li>
          </ul>
        </div>
      </div>
    </div>
  </div>
  <FilteredConnection
    className="mb-3"
    cursorPaging={true}
    defaultFirst={15}
    filters={
      Array [
        Object {
          "args": Object {
            "state": "OPEN",
          },
          "id": "open",
          "label": "Open",
          "tooltip": "Show only campaigns that are open",
        },
        Object {
          "args": Object {
            "state": "CLOSED",
          },
          "id": "closed",
          "label": "Closed",
          "tooltip": "Show only campaigns that are closed",
        },
        Object {
          "args": Object {},
          "id": "all",
          "label": "All",
          "tooltip": "Show all campaigns",
        },
      ]
    }
    hideSearch={true}
    history="[History]"
    listClassName="campaign-list-page__grid mb-3"
    listComponent="div"
    location="[Location path=/]"
    noSummaryIfAllNodesVisible={true}
    nodeComponent={[Function]}
    nodeComponentProps={
      Object {
        "displayNamespace": true,
        "history": "[History]",
      }
    }
    noun="campaign"
    pluralNoun="campaigns"
    queryConnection={[Function]}
    telemetryService={
      Object {
        "log": [Function],
        "logViewEvent": [Function],
      }
    }
    useURLQuery={true}
  />
</Fragment>
`;
