// Jest Snapshot v1, https://goo.gl/fbAQLP

exports[`EnterpriseHomePanels render 1`] = `
<div
  className="enterprise-home-panels"
>
  <div
    className="enterprise-home-panels__row"
  >
    <div
      className="repositories-panel panel-container"
    >
      <div
        className="panel-container__header"
      >
        <h3
          className="panel-container__header-text"
        >
          Repositories
        </h3>
      </div>
      <div>
        Empty
      </div>
    </div>
    <div
      className="recent-searches-panel panel-container"
    >
      <div
        className="panel-container__header"
      >
        <h3
          className="panel-container__header-text"
        >
          Recent Searches
        </h3>
      </div>
      <div>
        Loading
      </div>
    </div>
  </div>
  <div
    className="enterprise-home-panels__row"
  >
    <div
      className="recent-files-panel panel-container"
    >
      <div
        className="panel-container__header"
      >
        <h3
          className="panel-container__header-text"
        >
          Recent Files
        </h3>
      </div>
      <div>
        Content
      </div>
    </div>
    <div
      className="saved-searches-panel panel-container"
    >
      <div
        className="panel-container__header"
      >
        <h3
          className="panel-container__header-text"
        >
          Recent Searches
        </h3>
        <button
          type="button"
        >
          Action
        </button>
      </div>
      <div>
        Content
      </div>
    </div>
  </div>
</div>
`;
